---
source: tests/runner.rs
description: top-type-sizes -ws
---
no types found
