---
source: tests/runner.rs
description: top-type-sizes -ws -h16
---
no types found
